Archive member included to satisfy reference by file (symbol)

C:/ST/STM32CubeIDE_1.13.2/STM32CubeIDE/plugins/com.st.stm32cube.ide.mcu.externaltools.gnu-tools-for-stm32.11.3.rel1.win32_1.1.100.202309141235/tools/bin/../lib/gcc/arm-none-eabi/11.3.1/../../../../arm-none-eabi/lib/thumb/v7e-m+fp/hard\libc_nano.a(libc_a-exit.o)
                              C:/ST/STM32CubeIDE_1.13.2/STM32CubeIDE/plugins/com.st.stm32cube.ide.mcu.externaltools.gnu-tools-for-stm32.11.3.rel1.win32_1.1.100.202309141235/tools/bin/../lib/gcc/arm-none-eabi/11.3.1/../../../../arm-none-eabi/lib/thumb/v7e-m+fp/hard/crt0.o (exit)
C:/ST/STM32CubeIDE_1.13.2/STM32CubeIDE/plugins/com.st.stm32cube.ide.mcu.externaltools.gnu-tools-for-stm32.11.3.rel1.win32_1.1.100.202309141235/tools/bin/../lib/gcc/arm-none-eabi/11.3.1/../../../../arm-none-eabi/lib/thumb/v7e-m+fp/hard\libc_nano.a(libc_a-findfp.o)
                              C:/ST/STM32CubeIDE_1.13.2/STM32CubeIDE/plugins/com.st.stm32cube.ide.mcu.externaltools.gnu-tools-for-stm32.11.3.rel1.win32_1.1.100.202309141235/tools/bin/../lib/gcc/arm-none-eabi/11.3.1/../../../../arm-none-eabi/lib/thumb/v7e-m+fp/hard\libc_nano.a(libc_a-exit.o) (__stdio_exit_handler)
C:/ST/STM32CubeIDE_1.13.2/STM32CubeIDE/plugins/com.st.stm32cube.ide.mcu.externaltools.gnu-tools-for-stm32.11.3.rel1.win32_1.1.100.202309141235/tools/bin/../lib/gcc/arm-none-eabi/11.3.1/../../../../arm-none-eabi/lib/thumb/v7e-m+fp/hard\libc_nano.a(libc_a-fwalk.o)
                              C:/ST/STM32CubeIDE_1.13.2/STM32CubeIDE/plugins/com.st.stm32cube.ide.mcu.externaltools.gnu-tools-for-stm32.11.3.rel1.win32_1.1.100.202309141235/tools/bin/../lib/gcc/arm-none-eabi/11.3.1/../../../../arm-none-eabi/lib/thumb/v7e-m+fp/hard\libc_nano.a(libc_a-findfp.o) (_fwalk_sglue)
C:/ST/STM32CubeIDE_1.13.2/STM32CubeIDE/plugins/com.st.stm32cube.ide.mcu.externaltools.gnu-tools-for-stm32.11.3.rel1.win32_1.1.100.202309141235/tools/bin/../lib/gcc/arm-none-eabi/11.3.1/../../../../arm-none-eabi/lib/thumb/v7e-m+fp/hard\libc_nano.a(libc_a-stdio.o)
                              C:/ST/STM32CubeIDE_1.13.2/STM32CubeIDE/plugins/com.st.stm32cube.ide.mcu.externaltools.gnu-tools-for-stm32.11.3.rel1.win32_1.1.100.202309141235/tools/bin/../lib/gcc/arm-none-eabi/11.3.1/../../../../arm-none-eabi/lib/thumb/v7e-m+fp/hard\libc_nano.a(libc_a-findfp.o) (__sread)
C:/ST/STM32CubeIDE_1.13.2/STM32CubeIDE/plugins/com.st.stm32cube.ide.mcu.externaltools.gnu-tools-for-stm32.11.3.rel1.win32_1.1.100.202309141235/tools/bin/../lib/gcc/arm-none-eabi/11.3.1/../../../../arm-none-eabi/lib/thumb/v7e-m+fp/hard\libc_nano.a(libc_a-memset.o)
                              C:/ST/STM32CubeIDE_1.13.2/STM32CubeIDE/plugins/com.st.stm32cube.ide.mcu.externaltools.gnu-tools-for-stm32.11.3.rel1.win32_1.1.100.202309141235/tools/bin/../lib/gcc/arm-none-eabi/11.3.1/../../../../arm-none-eabi/lib/thumb/v7e-m+fp/hard/crt0.o (memset)
C:/ST/STM32CubeIDE_1.13.2/STM32CubeIDE/plugins/com.st.stm32cube.ide.mcu.externaltools.gnu-tools-for-stm32.11.3.rel1.win32_1.1.100.202309141235/tools/bin/../lib/gcc/arm-none-eabi/11.3.1/../../../../arm-none-eabi/lib/thumb/v7e-m+fp/hard\libc_nano.a(libc_a-closer.o)
                              C:/ST/STM32CubeIDE_1.13.2/STM32CubeIDE/plugins/com.st.stm32cube.ide.mcu.externaltools.gnu-tools-for-stm32.11.3.rel1.win32_1.1.100.202309141235/tools/bin/../lib/gcc/arm-none-eabi/11.3.1/../../../../arm-none-eabi/lib/thumb/v7e-m+fp/hard\libc_nano.a(libc_a-stdio.o) (_close_r)
C:/ST/STM32CubeIDE_1.13.2/STM32CubeIDE/plugins/com.st.stm32cube.ide.mcu.externaltools.gnu-tools-for-stm32.11.3.rel1.win32_1.1.100.202309141235/tools/bin/../lib/gcc/arm-none-eabi/11.3.1/../../../../arm-none-eabi/lib/thumb/v7e-m+fp/hard\libc_nano.a(libc_a-reent.o)
                              C:/ST/STM32CubeIDE_1.13.2/STM32CubeIDE/plugins/com.st.stm32cube.ide.mcu.externaltools.gnu-tools-for-stm32.11.3.rel1.win32_1.1.100.202309141235/tools/bin/../lib/gcc/arm-none-eabi/11.3.1/../../../../arm-none-eabi/lib/thumb/v7e-m+fp/hard\libc_nano.a(libc_a-closer.o) (errno)
C:/ST/STM32CubeIDE_1.13.2/STM32CubeIDE/plugins/com.st.stm32cube.ide.mcu.externaltools.gnu-tools-for-stm32.11.3.rel1.win32_1.1.100.202309141235/tools/bin/../lib/gcc/arm-none-eabi/11.3.1/../../../../arm-none-eabi/lib/thumb/v7e-m+fp/hard\libc_nano.a(libc_a-impure.o)
                              C:/ST/STM32CubeIDE_1.13.2/STM32CubeIDE/plugins/com.st.stm32cube.ide.mcu.externaltools.gnu-tools-for-stm32.11.3.rel1.win32_1.1.100.202309141235/tools/bin/../lib/gcc/arm-none-eabi/11.3.1/../../../../arm-none-eabi/lib/thumb/v7e-m+fp/hard\libc_nano.a(libc_a-reent.o) (_impure_ptr)
C:/ST/STM32CubeIDE_1.13.2/STM32CubeIDE/plugins/com.st.stm32cube.ide.mcu.externaltools.gnu-tools-for-stm32.11.3.rel1.win32_1.1.100.202309141235/tools/bin/../lib/gcc/arm-none-eabi/11.3.1/../../../../arm-none-eabi/lib/thumb/v7e-m+fp/hard\libc_nano.a(libc_a-lseekr.o)
[...]
Memory Configuration

Name             Origin             Length             Attributes
CCMRAM           0x0000000010000000 0x0000000000010000 xrw
RAM              0x0000000020000000 0x0000000000020000 xrw
FLASH            0x0000000008000000 0x0000000000100000 xr
*default*        0x0000000000000000 0xffffffffffffffff

Linker script and memory map

LOAD C:/ST/STM32CubeIDE_1.13.2/STM32CubeIDE/plugins/com.st.stm32cube.ide.mcu.externaltools.gnu-tools-for-stm32.11.3.rel1.win32_1.1.100.202309141235/tools/bin/../lib/gcc/arm-none-eabi/11.3.1/thumb/v7e-m+fp/hard/crti.o
LOAD C:/ST/STM32CubeIDE_1.13.2/STM32CubeIDE/plugins/com.st.stm32cube.ide.mcu.externaltools.gnu-tools-for-stm32.11.3.rel1.win32_1.1.100.202309141235/tools/bin/../lib/gcc/arm-none-eabi/11.3.1/thumb/v7e-m+fp/hard/crtbegin.o
LOAD C:/ST/STM32CubeIDE_1.13.2/STM32CubeIDE/plugins/com.st.stm32cube.ide.mcu.externaltools.gnu-tools-for-stm32.11.3.rel1.win32_1.1.100.202309141235/tools/bin/../lib/gcc/arm-none-eabi/11.3.1/../../../../arm-none-eabi/lib/thumb/v7e-m+fp/hard/crt0.o
LOAD ./Driver/Src/stm32f407xx_gpio_driver.o
LOAD ./Driver/Src/stm32f407xx_spi_driver.o
LOAD ./Src/006spi_tx.o
LOAD ./Src/syscalls.o
LOAD ./Src/sysmem.o
LOAD ./Startup/startup_stm32f407vgtx.o
START GROUP
LOAD C:/ST/STM32CubeIDE_1.13.2/STM32CubeIDE/plugins/com.st.stm32cube.ide.mcu.externaltools.gnu-tools-for-stm32.11.3.rel1.win32_1.1.100.202309141235/tools/bin/../lib/gcc/arm-none-eabi/11.3.1/../../../../arm-none-eabi/lib/thumb/v7e-m+fp/hard\libc_nano.a
LOAD C:/ST/STM32CubeIDE_1.13.2/STM32CubeIDE/plugins/com.st.stm32cube.ide.mcu.externaltools.gnu-tools-for-stm32.11.3.rel1.win32_1.1.100.202309141235/tools/bin/../lib/gcc/arm-none-eabi/11.3.1/../../../../arm-none-eabi/lib/thumb/v7e-m+fp/hard\libm.a
END GROUP
START GROUP
LOAD C:/ST/STM32CubeIDE_1.13.2/STM32CubeIDE/plugins/com.st.stm32cube.ide.mcu.externaltools.gnu-tools-for-stm32.11.3.rel1.win32_1.1.100.202309141235/tools/bin/../lib/gcc/arm-none-eabi/11.3.1/thumb/v7e-m+fp/hard\libgcc.a
LOAD C:/ST/STM32CubeIDE_1.13.2/STM32CubeIDE/plugins/com.st.stm32cube.ide.mcu.externaltools.gnu-tools-for-stm32.11.3.rel1.win32_1.1.100.202309141235/tools/bin/../lib/gcc/arm-none-eabi/11.3.1/../../../../arm-none-eabi/lib/thumb/v7e-m+fp/hard\libc_nano.a
END GROUP
START GROUP
LOAD C:/ST/STM32CubeIDE_1.13.2/STM32CubeIDE/plugins/com.st.stm32cube.ide.mcu.externaltools.gnu-tools-for-stm32.11.3.rel1.win32_1.1.100.202309141235/tools/bin/../lib/gcc/arm-none-eabi/11.3.1/thumb/v7e-m+fp/hard\libgcc.a
LOAD C:/ST/STM32CubeIDE_1.13.2/STM32CubeIDE/plugins/com.st.stm32cube.ide.mcu.externaltools.gnu-tools-for-stm32.11.3.rel1.win32_1.1.100.202309141235/tools/bin/../lib/gcc/arm-none-eabi/11.3.1/../../../../arm-none-eabi/lib/thumb/v7e-m+fp/hard\libc_nano.a
LOAD C:/ST/STM32CubeIDE_1.13.2/STM32CubeIDE/plugins/com.st.stm32cube.ide.mcu.externaltools.gnu-tools-for-stm32.11.3.rel1.win32_1.1.100.202309141235/tools/bin/../lib/gcc/arm-none-eabi/11.3.1/../../../../arm-none-eabi/lib/thumb/v7e-m+fp/hard\libnosys.a
END GROUP
START GROUP
LOAD C:/ST/STM32CubeIDE_1.13.2/STM32CubeIDE/plugins/com.st.stm32cube.ide.mcu.externaltools.gnu-tools-for-stm32.11.3.rel1.win32_1.1.100.202309141235/tools/bin/../lib/gcc/arm-none-eabi/11.3.1/thumb/v7e-m+fp/hard\libgcc.a
LOAD C:/ST/STM32CubeIDE_1.13.2/STM32CubeIDE/plugins/com.st.stm32cube.ide.mcu.externaltools.gnu-tools-for-stm32.11.3.rel1.win32_1.1.100.202309141235/tools/bin/../lib/gcc/arm-none-eabi/11.3.1/../../../../arm-none-eabi/lib/thumb/v7e-m+fp/hard\libc_nano.a
LOAD C:/ST/STM32CubeIDE_1.13.2/STM32CubeIDE/plugins/com.st.stm32cube.ide.mcu.externaltools.gnu-tools-for-stm32.11.3.rel1.win32_1.1.100.202309141235/tools/bin/../lib/gcc/arm-none-eabi/11.3.1/../../../../arm-none-eabi/lib/thumb/v7e-m+fp/hard\libnosys.a
END GROUP
LOAD C:/ST/STM32CubeIDE_1.13.2/STM32CubeIDE/plugins/com.st.stm32cube.ide.mcu.externaltools.gnu-tools-for-stm32.11.3.rel1.win32_1.1.100.202309141235/tools/bin/../lib/gcc/arm-none-eabi/11.3.1/thumb/v7e-m+fp/hard/crtend.o
LOAD C:/ST/STM32CubeIDE_1.13.2/STM32CubeIDE/plugins/com.st.stm32cube.ide.mcu.externaltools.gnu-tools-for-stm32.11.3.rel1.win32_1.1.100.202309141235/tools/bin/../lib/gcc/arm-none-eabi/11.3.1/thumb/v7e-m+fp/hard/crtn.o
                0x0000000020020000                _estack = (ORIGIN (RAM) + LENGTH (RAM))
                0x0000000000000200                _Min_Heap_Size = 0x200
                0x0000000000000400                _Min_Stack_Size = 0x400

.isr_vector     0x0000000008000000      0x188
                0x0000000008000000                . = ALIGN (0x4)
 *(.isr_vector)
 .isr_vector    0x0000000008000000      0x188 ./Startup/startup_stm32f407vgtx.o
                0x0000000008000000                g_pfnVectors
                0x0000000008000188                . = ALIGN (0x4)

.text           0x0000000008000188      0x844
                0x0000000008000188                . = ALIGN (0x4)
 *(.text)
 .text          0x0000000008000188       0x40 C:/ST/STM32CubeIDE_1.13.2/STM32CubeIDE/plugins/com.st.stm32cube.ide.mcu.externaltools.gnu-tools-for-stm32.11.3.rel1.win32_1.1.100.202309141235/tools/bin/../lib/gcc/arm-none-eabi/11.3.1/thumb/v7e-m+fp/hard/crtbegin.o
 .text          0x00000000080001c8       0x10 C:/ST/STM32CubeIDE_1.13.2/STM32CubeIDE/plugins/com.st.stm32cube.ide.mcu.externaltools.gnu-tools-for-stm32.11.3.rel1.win32_1.1.100.202309141235/tools/bin/../lib/gcc/arm-none-eabi/11.3.1/../../../../arm-none-eabi/lib/thumb/v7e-m+fp/hard\libc_nano.a(libc_a-strlen.o)
                0x00000000080001c8                strlen
 *(.text*)
 .text.GPIO_PeriClockControl
                0x00000000080001d8      0x10c ./Driver/Src/stm32f407xx_gpio_driver.o
                0x00000000080001d8                GPIO_PeriClockControl
 .text.GPIO_Init
                0x00000000080002e4      0x338 ./Driver/Src/stm32f407xx_gpio_driver.o
                0x00000000080002e4                GPIO_Init
 .text.SPI_PeriClockControl
                0x000000000800061c       0x70 ./Driver/Src/stm32f407xx_spi_driver.o
                0x000000000800061c                SPI_PeriClockControl
 .text.SPI_Init
                0x000000000800068c       0xb6 ./Driver/Src/stm32f407xx_spi_driver.o
                0x000000000800068c                SPI_Init
 .text.SPI_GetFlagStatus
                0x0000000008000742       0x28 ./Driver/Src/stm32f407xx_spi_driver.o
                0x0000000008000742                SPI_GetFlagStatus
 .text.SPI_SendData
                0x000000000800076a       0x6e ./Driver/Src/stm32f407xx_spi_driver.o
                0x000000000800076a                SPI_SendData
 .text.SPI_PeripheralControl
                0x00000000080007d8       0x38 ./Driver/Src/stm32f407xx_spi_driver.o
                0x00000000080007d8                SPI_PeripheralControl
 .text.SPI_SSIConfig
                0x0000000008000810       0x38 ./Driver/Src/stm32f407xx_spi_driver.o
                0x0000000008000810                SPI_SSIConfig
 .text.SPI2_GPIOInits
                0x0000000008000848       0x44 ./Src/006spi_tx.o
                0x0000000008000848                SPI2_GPIOInits
 .text.SPI2_Inits
                0x000000000800088c       0x3c ./Src/006spi_tx.o
                0x000000000800088c                SPI2_Inits
 .text.main     0x00000000080008c8       0x50 ./Src/006spi_tx.o
                0x00000000080008c8                main
 .text.Reset_Handler
                0x0000000008000918       0x50 ./Startup/startup_stm32f407vgtx.o
                0x0000000008000918                Reset_Handler
 .text.Default_Handler
                0x0000000008000968        0x2 ./Startup/startup_stm32f407vgtx.o
                0x0000000008000968                RTC_Alarm_IRQHandler
                0x0000000008000968                HASH_RNG_IRQHandler
                0x0000000008000968                EXTI2_IRQHandler
                0x0000000008000968                TIM8_CC_IRQHandler
                0x0000000008000968                DebugMon_Handler
                0x0000000008000968                TIM1_CC_IRQHandler
                0x0000000008000968                DMA2_Stream5_IRQHandler
                0x0000000008000968                HardFault_Handler
                0x0000000008000968                DMA1_Stream5_IRQHandler
                0x0000000008000968                SysTick_Handler
                0x0000000008000968                PVD_IRQHandler
                0x0000000008000968                SDIO_IRQHandler
                0x0000000008000968                TAMP_STAMP_IRQHandler
                0x0000000008000968                PendSV_Handler
                0x0000000008000968                NMI_Handler
                0x0000000008000968                CAN2_RX1_IRQHandler
                0x0000000008000968                EXTI3_IRQHandler
                0x0000000008000968                TIM8_TRG_COM_TIM14_IRQHandler
                0x0000000008000968                TIM1_UP_TIM10_IRQHandler
                0x0000000008000968                TIM8_UP_TIM13_IRQHandler
                0x0000000008000968                I2C3_ER_IRQHandler
                0x0000000008000968                EXTI0_IRQHandler
                0x0000000008000968                I2C2_EV_IRQHandler
                0x0000000008000968                DMA1_Stream2_IRQHandler
                0x0000000008000968                CAN1_RX0_IRQHandler
                0x0000000008000968                FPU_IRQHandler
                0x0000000008000968                OTG_HS_WKUP_IRQHandler
                0x0000000008000968                UsageFault_Handler
                0x0000000008000968                CAN2_SCE_IRQHandler
                0x0000000008000968                DMA2_Stream2_IRQHandler
                0x0000000008000968                SPI1_IRQHandler
                0x0000000008000968                TIM6_DAC_IRQHandler
                0x0000000008000968                TIM1_BRK_TIM9_IRQHandler
                0x0000000008000968                DCMI_IRQHandler
                0x0000000008000968                CAN2_RX0_IRQHandler
                0x0000000008000968                DMA2_Stream3_IRQHandler
                0x0000000008000968                USART6_IRQHandler
                0x0000000008000968                USART3_IRQHandler
                0x0000000008000968                CRYP_IRQHandler
                0x0000000008000968                CAN1_RX1_IRQHandler
                0x0000000008000968                UART5_IRQHandler
                0x0000000008000968                DMA2_Stream0_IRQHandler
                0x0000000008000968                TIM4_IRQHandler
                0x0000000008000968                I2C1_EV_IRQHandler
                0x0000000008000968                DMA1_Stream6_IRQHandler
                0x0000000008000968                DMA1_Stream1_IRQHandler
                0x0000000008000968                UART4_IRQHandler
                0x0000000008000968                TIM3_IRQHandler
                0x0000000008000968                RCC_IRQHandler
                0x0000000008000968                TIM8_BRK_TIM12_IRQHandler
                0x0000000008000968                Default_Handler
                0x0000000008000968                EXTI15_10_IRQHandler
                0x0000000008000968                ADC_IRQHandler
                0x0000000008000968                DMA1_Stream7_IRQHandler
                0x0000000008000968                TIM7_IRQHandler
                0x0000000008000968                CAN2_TX_IRQHandler
                0x0000000008000968                TIM5_IRQHandler
                0x0000000008000968                DMA2_Stream7_IRQHandler
                0x0000000008000968                I2C3_EV_IRQHandler
                0x0000000008000968                EXTI9_5_IRQHandler
                0x0000000008000968                RTC_WKUP_IRQHandler
                0x0000000008000968                ETH_WKUP_IRQHandler
                0x0000000008000968                SPI2_IRQHandler
                0x0000000008000968                OTG_HS_EP1_IN_IRQHandler
                0x0000000008000968                MemManage_Handler
                0x0000000008000968                DMA1_Stream0_IRQHandler
                0x0000000008000968                CAN1_TX_IRQHandler
                0x0000000008000968                SVC_Handler
                0x0000000008000968                EXTI4_IRQHandler
                0x0000000008000968                FSMC_IRQHandler
                0x0000000008000968                ETH_IRQHandler
                0x0000000008000968                OTG_HS_EP1_OUT_IRQHandler
                0x0000000008000968                WWDG_IRQHandler
                0x0000000008000968                TIM2_IRQHandler
                0x0000000008000968                OTG_FS_WKUP_IRQHandler
                0x0000000008000968                TIM1_TRG_COM_TIM11_IRQHandler
                0x0000000008000968                OTG_HS_IRQHandler
                0x0000000008000968                EXTI1_IRQHandler
                0x0000000008000968                USART2_IRQHandler
                0x0000000008000968                I2C2_ER_IRQHandler
                0x0000000008000968                DMA2_Stream1_IRQHandler
                0x0000000008000968                CAN1_SCE_IRQHandler
                0x0000000008000968                DMA2_Stream4_IRQHandler
                0x0000000008000968                BusFault_Handler
                0x0000000008000968                USART1_IRQHandler
                0x0000000008000968                OTG_FS_IRQHandler
                0x0000000008000968                SPI3_IRQHandler
                0x0000000008000968                DMA1_Stream4_IRQHandler
                0x0000000008000968                I2C1_ER_IRQHandler
                0x0000000008000968                DMA2_Stream6_IRQHandler
                0x0000000008000968                DMA1_Stream3_IRQHandler
 *fill*         0x000000000800096a        0x2 
 .text.__libc_init_array
                0x000000000800096c       0x48 C:/ST/STM32CubeIDE_1.13.2/STM32CubeIDE/plugins/com.st.stm32cube.ide.mcu.externaltools.gnu-tools-for-stm32.11.3.rel1.win32_1.1.100.202309141235/tools/bin/../lib/gcc/arm-none-eabi/11.3.1/../../../../arm-none-eabi/lib/thumb/v7e-m+fp/hard\libc_nano.a(libc_a-init.o)
                0x000000000800096c                __libc_init_array
 *(.glue_7)
 .glue_7        0x00000000080009b4        0x0 linker stubs
 *(.glue_7t)
 .glue_7t       0x00000000080009b4        0x0 linker stubs
 *(.eh_frame)
 .eh_frame      0x00000000080009b4        0x0 C:/ST/STM32CubeIDE_1.13.2/STM32CubeIDE/plugins/com.st.stm32cube.ide.mcu.externaltools.gnu-tools-for-stm32.11.3.rel1.win32_1.1.100.202309141235/tools/bin/../lib/gcc/arm-none-eabi/11.3.1/thumb/v7e-m+fp/hard/crtbegin.o
 *(.init)
 .init          0x00000000080009b4        0x4 C:/ST/STM32CubeIDE_1.13.2/STM32CubeIDE/plugins/com.st.stm32cube.ide.mcu.externaltools.gnu-tools-for-stm32.11.3.rel1.win32_1.1.100.202309141235/tools/bin/../lib/gcc/arm-none-eabi/11.3.1/thumb/v7e-m+fp/hard/crti.o
                0x00000000080009b4                _init
 .init          0x00000000080009b8        0x8 C:/ST/STM32CubeIDE_1.13.2/STM32CubeIDE/plugins/com.st.stm32cube.ide.mcu.externaltools.gnu-tools-for-stm32.11.3.rel1.win32_1.1.100.202309141235/tools/bin/../lib/gcc/arm-none-eabi/11.3.1/thumb/v7e-m+fp/hard/crtn.o
 *(.fini)
 .fini          0x00000000080009c0        0x4 C:/ST/STM32CubeIDE_1.13.2/STM32CubeIDE/plugins/com.st.stm32cube.ide.mcu.externaltools.gnu-tools-for-stm32.11.3.rel1.win32_1.1.100.202309141235/tools/bin/../lib/gcc/arm-none-eabi/11.3.1/thumb/v7e-m+fp/hard/crti.o
                0x00000000080009c0                _fini
 .fini          0x00000000080009c4        0x8 C:/ST/STM32CubeIDE_1.13.2/STM32CubeIDE/plugins/com.st.stm32cube.ide.mcu.externaltools.gnu-tools-for-stm32.11.3.rel1.win32_1.1.100.202309141235/tools/bin/../lib/gcc/arm-none-eabi/11.3.1/thumb/v7e-m+fp/hard/crtn.o
                0x00000000080009cc                . = ALIGN (0x4)
                0x00000000080009cc                _etext = .

.vfp11_veneer   0x00000000080009cc        0x0
 .vfp11_veneer  0x00000000080009cc        0x0 linker stubs

.v4_bx          0x00000000080009cc        0x0
 .v4_bx         0x00000000080009cc        0x0 linker stubs

.iplt           0x00000000080009cc        0x0
 .iplt          0x00000000080009cc        0x0 C:/ST/STM32CubeIDE_1.13.2/STM32CubeIDE/plugins/com.st.stm32cube.ide.mcu.externaltools.gnu-tools-for-stm32.11.3.rel1.win32_1.1.100.202309141235/tools/bin/../lib/gcc/arm-none-eabi/11.3.1/thumb/v7e-m+fp/hard/crtbegin.o

.rodata         0x00000000080009cc        0xc
                0x00000000080009cc                . = ALIGN (0x4)
 *(.rodata)
 .rodata        0x00000000080009cc        0xc ./Src/006spi_tx.o
 *(.rodata*)
                0x00000000080009d8                . = ALIGN (0x4)

.rel.dyn        0x00000000080009d8        0x0
 .rel.iplt      0x00000000080009d8        0x0 C:/ST/STM32CubeIDE_1.13.2/STM32CubeIDE/plugins/com.st.stm32cube.ide.mcu.externaltools.gnu-tools-for-stm32.11.3.rel1.win32_1.1.100.202309141235/tools/bin/../lib/gcc/arm-none-eabi/11.3.1/thumb/v7e-m+fp/hard/crtbegin.o

.ARM.extab      0x00000000080009d8        0x0
                0x00000000080009d8                . = ALIGN (0x4)
 *(.ARM.extab* .gnu.linkonce.armextab.*)
                0x00000000080009d8                . = ALIGN (0x4)

.ARM            0x00000000080009d8        0x0
                0x00000000080009d8                . = ALIGN (0x4)
                0x00000000080009d8                __exidx_start = .
 *(.ARM.exidx*)
                0x00000000080009d8                __exidx_end = .
                0x00000000080009d8                . = ALIGN (0x4)

.preinit_array  0x00000000080009d8        0x0
                0x00000000080009d8                . = ALIGN (0x4)
                0x00000000080009d8                PROVIDE (__preinit_array_start = .)
 *(.preinit_array*)
                0x00000000080009d8                PROVIDE (__preinit_array_end = .)
                0x00000000080009d8                . = ALIGN (0x4)

.init_array     0x00000000080009d8        0x4
                0x00000000080009d8                . = ALIGN (0x4)
                0x00000000080009d8                PROVIDE (__init_array_start = .)
 *(SORT_BY_NAME(.init_array.*))
 *(.init_array*)
 .init_array    0x00000000080009d8        0x4 C:/ST/STM32CubeIDE_1.13.2/STM32CubeIDE/plugins/com.st.stm32cube.ide.mcu.externaltools.gnu-tools-for-stm32.11.3.rel1.win32_1.1.100.202309141235/tools/bin/../lib/gcc/arm-none-eabi/11.3.1/thumb/v7e-m+fp/hard/crtbegin.o
                0x00000000080009dc                PROVIDE (__init_array_end = .)
                0x00000000080009dc                . = ALIGN (0x4)

.fini_array     0x00000000080009dc        0x4
                0x00000000080009dc                . = ALIGN (0x4)
                [!provide]                        PROVIDE (__fini_array_start = .)
 *(SORT_BY_NAME(.fini_array.*))
 *(.fini_array*)
 .fini_array    0x00000000080009dc        0x4 C:/ST/STM32CubeIDE_1.13.2/STM32CubeIDE/plugins/com.st.stm32cube.ide.mcu.externaltools.gnu-tools-for-stm32.11.3.rel1.win32_1.1.100.202309141235/tools/bin/../lib/gcc/arm-none-eabi/11.3.1/thumb/v7e-m+fp/hard/crtbegin.o
                [!provide]                        PROVIDE (__fini_array_end = .)
                0x00000000080009e0                . = ALIGN (0x4)
                0x00000000080009e0                _sidata = LOADADDR (.data)

.data           0x0000000020000000        0x0 load address 0x00000000080009e0
                0x0000000020000000                . = ALIGN (0x4)
                0x0000000020000000                _sdata = .
 *(.data)
 *(.data*)
 *(.RamFunc)
 *(.RamFunc*)
                0x0000000020000000                . = ALIGN (0x4)
                0x0000000020000000                _edata = .
                0x00000000080009e0                _siccmram = LOADADDR (.ccmram)

.igot.plt       0x0000000020000000        0x0 load address 0x00000000080009e0
 .igot.plt      0x0000000020000000        0x0 C:/ST/STM32CubeIDE_1.13.2/STM32CubeIDE/plugins/com.st.stm32cube.ide.mcu.externaltools.gnu-tools-for-stm32.11.3.rel1.win32_1.1.100.202309141235/tools/bin/../lib/gcc/arm-none-eabi/11.3.1/thumb/v7e-m+fp/hard/crtbegin.o

.ccmram         0x0000000010000000        0x0 load address 0x00000000080009e0
                0x0000000010000000                . = ALIGN (0x4)
                0x0000000010000000                _sccmram = .
 *(.ccmram)
 *(.ccmram*)
                0x0000000010000000                . = ALIGN (0x4)
                0x0000000010000000                _eccmram = .
                0x0000000010000000                . = ALIGN (0x4)

.bss            0x0000000020000000       0x1c
                0x0000000020000000                _sbss = .
                0x0000000020000000                __bss_start__ = _sbss
 *(.bss)
 .bss           0x0000000020000000       0x1c C:/ST/STM32CubeIDE_1.13.2/STM32CubeIDE/plugins/com.st.stm32cube.ide.mcu.externaltools.gnu-tools-for-stm32.11.3.rel1.win32_1.1.100.202309141235/tools/bin/../lib/gcc/arm-none-eabi/11.3.1/thumb/v7e-m+fp/hard/crtbegin.o
 *(.bss*)
 *(COMMON)
                0x000000002000001c                . = ALIGN (0x4)
                0x000000002000001c                _ebss = .
                0x000000002000001c                __bss_end__ = _ebss

._user_heap_stack
                0x000000002000001c      0x604
                0x0000000020000020                . = ALIGN (0x8)
 *fill*         0x000000002000001c        0x4 
                [!provide]                        PROVIDE (end = .)
                0x0000000020000020                PROVIDE (_end = .)
                0x0000000020000220                . = (. + _Min_Heap_Size)
 *fill*         0x0000000020000020      0x200 
                0x0000000020000620                . = (. + _Min_Stack_Size)
 *fill*         0x0000000020000220      0x400 
                0x0000000020000620                . = ALIGN (0x8)

/DISCARD/
 libc.a(*)
 libm.a(*)
 libgcc.a(*)

.ARM.attributes
                0x0000000000000000       0x30
 *(.ARM.attributes)
 .ARM.attributes
                0x0000000000000000       0x1e C:/ST/STM32CubeIDE_1.13.2/STM32CubeIDE/plugins/com.st.stm32cube.ide.mcu.externaltools.gnu-tools-for-stm32.11.3.rel1.win32_1.1.100.202309141235/tools/bin/../lib/gcc/arm-none-eabi/11.3.1/thumb/v7e-m+fp/hard/crti.o
 .ARM.attributes
                0x000000000000001e       0x34 C:/ST/STM32CubeIDE_1.13.2/STM32CubeIDE/plugins/com.st.stm32cube.ide.mcu.externaltools.gnu-tools-for-stm32.11.3.rel1.win32_1.1.100.202309141235/tools/bin/../lib/gcc/arm-none-eabi/11.3.1/thumb/v7e-m+fp/hard/crtbegin.o
 .ARM.attributes
                0x0000000000000052       0x34 ./Driver/Src/stm32f407xx_gpio_driver.o
 .ARM.attributes
                0x0000000000000086       0x34 ./Driver/Src/stm32f407xx_spi_driver.o
 .ARM.attributes
                0x00000000000000ba       0x34 ./Src/006spi_tx.o
 .ARM.attributes
                0x00000000000000ee       0x21 ./Startup/startup_stm32f407vgtx.o
 .ARM.attributes
                0x000000000000010f       0x34 C:/ST/STM32CubeIDE_1.13.2/STM32CubeIDE/plugins/com.st.stm32cube.ide.mcu.externaltools.gnu-tools-for-stm32.11.3.rel1.win32_1.1.100.202309141235/tools/bin/../lib/gcc/arm-none-eabi/11.3.1/../../../../arm-none-eabi/lib/thumb/v7e-m+fp/hard\libc_nano.a(libc_a-init.o)
 .ARM.attributes
                0x0000000000000143       0x17 C:/ST/STM32CubeIDE_1.13.2/STM32CubeIDE/plugins/com.st.stm32cube.ide.mcu.externaltools.gnu-tools-for-stm32.11.3.rel1.win32_1.1.100.202309141235/tools/bin/../lib/gcc/arm-none-eabi/11.3.1/../../../../arm-none-eabi/lib/thumb/v7e-m+fp/hard\libc_nano.a(libc_a-strlen.o)
 .ARM.attributes
                0x000000000000015a       0x1e C:/ST/STM32CubeIDE_1.13.2/STM32CubeIDE/plugins/com.st.stm32cube.ide.mcu.externaltools.gnu-tools-for-stm32.11.3.rel1.win32_1.1.100.202309141235/tools/bin/../lib/gcc/arm-none-eabi/11.3.1/thumb/v7e-m+fp/hard/crtn.o
OUTPUT(stm32f4xx_drivers.elf elf32-littlearm)
LOAD linker stubs
LOAD C:/ST/STM32CubeIDE_1.13.2/STM32CubeIDE/plugins/com.st.stm32cube.ide.mcu.externaltools.gnu-tools-for-stm32.11.3.rel1.win32_1.1.100.202309141235/tools/bin/../lib/gcc/arm-none-eabi/11.3.1/../../../../arm-none-eabi/lib/thumb/v7e-m+fp/hard\libc.a
LOAD C:/ST/STM32CubeIDE_1.13.2/STM32CubeIDE/plugins/com.st.stm32cube.ide.mcu.externaltools.gnu-tools-for-stm32.11.3.rel1.win32_1.1.100.202309141235/tools/bin/../lib/gcc/arm-none-eabi/11.3.1/../../../../arm-none-eabi/lib/thumb/v7e-m+fp/hard\libm.a
LOAD C:/ST/STM32CubeIDE_1.13.2/STM32CubeIDE/plugins/com.st.stm32cube.ide.mcu.externaltools.gnu-tools-for-stm32.11.3.rel1.win32_1.1.100.202309141235/tools/bin/../lib/gcc/arm-none-eabi/11.3.1/thumb/v7e-m+fp/hard\libgcc.a

.comment        0x0000000000000000       0x43
 .comment       0x0000000000000000       0x43 C:/ST/STM32CubeIDE_1.13.2/STM32CubeIDE/plugins/com.st.stm32cube.ide.mcu.externaltools.gnu-tools-for-stm32.11.3.rel1.win32_1.1.100.202309141235/tools/bin/../lib/gcc/arm-none-eabi/11.3.1/thumb/v7e-m+fp/hard/crtbegin.o
                                         0x44 (size before relaxing)
 .comment       0x0000000000000043       0x44 ./Driver/Src/stm32f407xx_gpio_driver.o
 .comment       0x0000000000000043       0x44 ./Driver/Src/stm32f407xx_spi_driver.o
 .comment       0x0000000000000043       0x44 ./Src/006spi_tx.o

.debug_info     0x0000000000000000     0x11c3
 .debug_info    0x0000000000000000      0x76d ./Driver/Src/stm32f407xx_gpio_driver.o
 .debug_info    0x000000000000076d      0x5b8 ./Driver/Src/stm32f407xx_spi_driver.o
 .debug_info    0x0000000000000d25      0x47b ./Src/006spi_tx.o
 .debug_info    0x00000000000011a0       0x23 ./Startup/startup_stm32f407vgtx.o

.debug_abbrev   0x0000000000000000      0x4c2
 .debug_abbrev  0x0000000000000000      0x1c0 ./Driver/Src/stm32f407xx_gpio_driver.o
 .debug_abbrev  0x00000000000001c0      0x17c ./Driver/Src/stm32f407xx_spi_driver.o
 .debug_abbrev  0x000000000000033c      0x174 ./Src/006spi_tx.o
 .debug_abbrev  0x00000000000004b0       0x12 ./Startup/startup_stm32f407vgtx.o

.debug_aranges  0x0000000000000000      0x120
 .debug_aranges
                0x0000000000000000       0x70 ./Driver/Src/stm32f407xx_gpio_driver.o
 .debug_aranges
                0x0000000000000070       0x58 ./Driver/Src/stm32f407xx_spi_driver.o
 .debug_aranges
                0x00000000000000c8       0x30 ./Src/006spi_tx.o
 .debug_aranges
                0x00000000000000f8       0x28 ./Startup/startup_stm32f407vgtx.o

.debug_rnglists
                0x0000000000000000       0xca
 .debug_rnglists
                0x0000000000000000       0x53 ./Driver/Src/stm32f407xx_gpio_driver.o
 .debug_rnglists
                0x0000000000000053       0x3f ./Driver/Src/stm32f407xx_spi_driver.o
 .debug_rnglists
                0x0000000000000092       0x1f ./Src/006spi_tx.o
 .debug_rnglists
                0x00000000000000b1       0x19 ./Startup/startup_stm32f407vgtx.o

.debug_macro    0x0000000000000000     0x2325
 .debug_macro   0x0000000000000000       0xa3 ./Driver/Src/stm32f407xx_gpio_driver.o
 .debug_macro   0x00000000000000a3      0xab4 ./Driver/Src/stm32f407xx_gpio_driver.o
 .debug_macro   0x0000000000000b57      0x174 ./Driver/Src/stm32f407xx_gpio_driver.o
 .debug_macro   0x0000000000000ccb       0x22 ./Driver/Src/stm32f407xx_gpio_driver.o
 .debug_macro   0x0000000000000ced       0x8e ./Driver/Src/stm32f407xx_gpio_driver.o
 .debug_macro   0x0000000000000d7b       0x51 ./Driver/Src/stm32f407xx_gpio_driver.o
 .debug_macro   0x0000000000000dcc      0x103 ./Driver/Src/stm32f407xx_gpio_driver.o
 .debug_macro   0x0000000000000ecf       0x6a ./Driver/Src/stm32f407xx_gpio_driver.o
 .debug_macro   0x0000000000000f39      0x1df ./Driver/Src/stm32f407xx_gpio_driver.o
 .debug_macro   0x0000000000001118      0x5d7 ./Driver/Src/stm32f407xx_gpio_driver.o
 .debug_macro   0x00000000000016ef       0xbe ./Driver/Src/stm32f407xx_gpio_driver.o
 .debug_macro   0x00000000000017ad       0xc4 ./Driver/Src/stm32f407xx_gpio_driver.o
 .debug_macro   0x0000000000001871       0xa3 ./Driver/Src/stm32f407xx_spi_driver.o
 .debug_macro   0x0000000000001914      0x167 ./Src/006spi_tx.o
 .debug_macro   0x0000000000001a7b       0x61 ./Src/006spi_tx.o
 .debug_macro   0x0000000000001adc       0x2a ./Src/006spi_tx.o
 .debug_macro   0x0000000000001b06       0x43 ./Src/006spi_tx.o
 .debug_macro   0x0000000000001b49       0x34 ./Src/006spi_tx.o
 .debug_macro   0x0000000000001b7d       0x16 ./Src/006spi_tx.o
 .debug_macro   0x0000000000001b93       0x43 ./Src/006spi_tx.o
 .debug_macro   0x0000000000001bd6       0x34 ./Src/006spi_tx.o
 .debug_macro   0x0000000000001c0a       0x10 ./Src/006spi_tx.o
 .debug_macro   0x0000000000001c1a       0x58 ./Src/006spi_tx.o
 .debug_macro   0x0000000000001c72       0x8e ./Src/006spi_tx.o
 .debug_macro   0x0000000000001d00       0x1c ./Src/006spi_tx.o
 .debug_macro   0x0000000000001d1c      0x177 ./Src/006spi_tx.o
 .debug_macro   0x0000000000001e93      0x369 ./Src/006spi_tx.o
 .debug_macro   0x00000000000021fc       0x10 ./Src/006spi_tx.o
 .debug_macro   0x000000000000220c       0x35 ./Src/006spi_tx.o
 .debug_macro   0x0000000000002241       0x20 ./Src/006spi_tx.o
 .debug_macro   0x0000000000002261       0xc4 ./Src/006spi_tx.o

.debug_line     0x0000000000000000     0x16cb
 .debug_line    0x0000000000000000      0x9b0 ./Driver/Src/stm32f407xx_gpio_driver.o
 .debug_line    0x00000000000009b0      0x635 ./Driver/Src/stm32f407xx_spi_driver.o
 .debug_line    0x0000000000000fe5      0x66b ./Src/006spi_tx.o
 .debug_line    0x0000000000001650       0x7b ./Startup/startup_stm32f407vgtx.o

.debug_str      0x0000000000000000     0x9c81
 .debug_str     0x0000000000000000     0x68f4 ./Driver/Src/stm32f407xx_gpio_driver.o
                                       0x6af8 (size before relaxing)
 .debug_str     0x00000000000068f4      0x194 ./Driver/Src/stm32f407xx_spi_driver.o
                                       0x6a16 (size before relaxing)
 .debug_str     0x0000000000006a88     0x31ca ./Src/006spi_tx.o
                                       0x9af7 (size before relaxing)
 .debug_str     0x0000000000009c52       0x2f ./Startup/startup_stm32f407vgtx.o
                                         0x58 (size before relaxing)

.debug_frame    0x0000000000000000      0x3b4
 .debug_frame   0x0000000000000000      0x1c8 ./Driver/Src/stm32f407xx_gpio_driver.o
 .debug_frame   0x00000000000001c8      0x148 ./Driver/Src/stm32f407xx_spi_driver.o
 .debug_frame   0x0000000000000310       0x78 ./Src/006spi_tx.o
 .debug_frame   0x0000000000000388       0x2c C:/ST/STM32CubeIDE_1.13.2/STM32CubeIDE/plugins/com.st.stm32cube.ide.mcu.externaltools.gnu-tools-for-stm32.11.3.rel1.win32_1.1.100.202309141235/tools/bin/../lib/gcc/arm-none-eabi/11.3.1/../../../../arm-none-eabi/lib/thumb/v7e-m+fp/hard\libc_nano.a(libc_a-init.o)

.debug_line_str
                0x0000000000000000       0x4c
 .debug_line_str
                0x0000000000000000       0x4c ./Startup/startup_stm32f407vgtx.o
                                         0x64 (size before relaxing)
